  kmc     0.52 s  steps 1.000e+04  wall      65 s  flips    0  ox 0.9500
  kmc     0.69 s  steps 1.600e+04  wall     108 s  flips    0  ox 0.9500
  kmc     0.88 s  steps 2.000e+04  wall     134 s  flips    0  ox 0.9500
  kmc     1.14 s  steps 2.600e+04  wall     174 s  flips    0  ox 0.9500
  kmc     1.51 s  steps 3.400e+04  wall     227 s  flips    0  ox 0.9500
  kmc     1.90 s  steps 4.200e+04  wall     278 s  flips    0  ox 0.9500
  kmc     2.50 s  steps 5.400e+04  wall     355 s  flips    0  ox 0.9500
  kmc     3.22 s  steps 7.600e+04  wall     505 s  flips    0  ox 0.9500
  kmc     4.17 s  steps 9.600e+04  wall     636 s  flips    0  ox 0.9500
  kmc     5.40 s  steps 1.220e+05  wall     808 s  flips    0  ox 0.9500
  kmc     6.90 s  steps 1.540e+05  wall    1020 s  flips    0  ox 0.9500
  kmc     8.97 s  steps 2.020e+05  wall    1344 s  flips    0  ox 0.9500
  kmc    11.69 s  steps 2.560e+05  wall    1705 s  flips    0  ox 0.9500
  kmc    15.27 s  steps 3.280e+05  wall    2193 s  flips    0  ox 0.9500
  kmc    19.76 s  steps 4.080e+05  wall    2783 s  flips    0  ox 0.9500
  kmc    25.71 s  steps 4.960e+05  wall    3412 s  flips    0  ox 0.9500
  kmc    33.31 s  steps 6.100e+05  wall    4211 s  flips    0  ox 0.9500
  kmc    43.29 s  steps 7.680e+05  wall    5313 s  flips    2  ox 0.9450
  kmc    56.26 s  steps 1.006e+06  wall    6991 s  flips    5  ox 0.9375
  kmc    73.19 s  steps 1.918e+06  wall   13008 s  flips   11  ox 0.9225
